[48;5;21m                                        [m[48;5;21m                                        [m
[48;5;21m                                        [m[48;5;21m                                        [m
[48;5;21m                                        [m[48;5;21m                                        [m
[48;5;21m                                        [m[48;5;21m                                        [m
[48;5;21m                                        [m[48;5;21m                                        [m
[48;5;21m                                        [m[48;5;21m                                        [m
[48;5;21m                                        [m[48;5;21m                                        [m
[48;5;21m                                        [m[48;5;21m                                        [m
[48;5;21m                                        [m[48;5;21m                                        [m
[48;5;21m                                        [m[48;5;21m                                        [m
[48;5;21m                                        [m[48;5;21m                                        [m
[48;5;21m                                       [m[48;5;21mA[m[48;5;21m                                        [m
[48;5;21m                                        [m[48;5;21m                                        [m
[48;5;21m                                        [m[48;5;21m                                        [m
[48;5;21m                                        [m[48;5;21m                                        [m
[48;5;21m                                        [m[48;5;21m                                        [m
[48;5;21m                                        [m[48;5;21m                                        [m
[48;5;21m                                        [m[48;5;21m                                        [m
[48;5;21m                                        [m[48;5;21m                                        [m
[48;5;21m                                        [m[48;5;21m                                        [m
[48;5;21m                                        [m[48;5;21m                                        [m
[48;5;21m                                        [m[48;5;21m                                        [m
[48;5;21m                                        [m[48;5;21m                                        [m
[48;5;21m                                        [m[48;5;21m                                        [m