                                                                                
                                                                                
                                                                                
                                                                                
                                                                                
                                      ONE                                       
                                                                                
                                                                                
                                                                                
                                                                                
                                                                                
[38;5;240m├┼┼┼┼┼┼┼┼┼┼┼┼┼┼┼┼┼┼┼┼┼┼┼┼┼┼┼┼┼┼┼┼┼┼┼┼┼┼┼┼┼┼┼┼┼┼┼┼┼┼┼┼┼┼┼┼┼┼┼┼┼┼┼┼┼┼┼┼┼┼┼┼┼┼┼┼┼┼┤[m
                                                                                
                                                                                
                                                                                
                                                                                
                                                                                
                                      TWO                                       
                                                                                
                                                                                
                                                                                
                                                                                
                                                                                
                                                                                