M











────────────────────────────────────────┼───────────────────────────────────────
S1                                      │S2
                                        │
                                        │
                                        │
                                        │
                                        │
                                        │
                                        │
                                        │
                                        │
                                        │