                                       [38;5;240m┃[m                                        
                                                                                
                                                                                
                                                                                
                                                                                
                                                           B                    
                                                                                
                                                                                
                                                                                
                                                                                
                                                                                
                   A                                                            
                                        [38;5;240m┣╋╋╋╋╋╋╋╋╋╋╋╋╋╋╋╋╋╋╋╋╋╋╋╋╋╋╋╋╋╋╋╋╋╋╋╋╋╋┫[m
                                                                                
                                                                                
                                                                                
                                                                                
                                                                                
                                                           C                    
                                                                                
                                                                                
                                                                                
                                                                                
                                                                                