                                                                                
                                                                                
                                                                                
                                                                                
                                                                                
                                       A                                        
                                                                                
                                                                                
                                                                                
                                                                                
                                                                                
[38;5;240m┣╋╋╋╋╋╋╋╋╋╋╋╋╋╋╋╋╋╋╋╋╋╋╋╋╋╋╋╋╋╋╋╋╋╋╋╋╋╋╋╋╋╋╋╋╋╋╋╋╋╋╋╋╋╋╋╋╋╋╋╋╋╋╋╋╋╋╋╋╋╋╋╋╋╋╋╋╋╋┫[m
                                        [38;5;240m┃[m                                       
                                        [38;5;240m┃[m                                       
                                        [38;5;240m┃[m                                       
                                        [38;5;240m┃[m                                       
                                        [38;5;240m┃[m                                       
                   B                    [38;5;240m┃[m                   C                   
                                        [38;5;240m┃[m                                       
                                        [38;5;240m┃[m                                       
                                        [38;5;240m┃[m                                       
                                        [38;5;240m┃[m                                       
                                        [38;5;240m┃[m                                       
                                        [38;5;240m┃[m                                       