                                       [38;5;240m║[m
                                       [38;5;240m║[m
                                       [38;5;240m║[m
                                       [38;5;240m║[m
                                       [38;5;240m║[m
                                       [38;5;240m║[m
                                       [38;5;240m║[m
                                       [38;5;240m║[m
                                       [38;5;240m║[m
                                       [38;5;240m║[m
                                       [38;5;240m║[m
                   X                   [38;5;240m║[m                   Y
                                       [38;5;240m║[m
                                       [38;5;240m║[m
                                       [38;5;240m║[m
                                       [38;5;240m║[m
                                       [38;5;240m║[m
                                       [38;5;240m║[m
                                       [38;5;240m║[m
                                       [38;5;240m║[m
                                       [38;5;240m║[m
                                       [38;5;240m║[m
                                       [38;5;240m║[m
                                       [38;5;240m║[m