                                       [38;5;240m│[m                                        
                                                                                
                                                                                
                                                           B                    
                                                                                
                                                                                
                                                                                
                                                                                
                                        [38;5;240m├┼┼┼┼┼┼┼┼┼┼┼┼┼┼┼┼┼┼┼┼┼┼┼┼┼┼┼┼┼┼┼┼┼┼┼┼┼┼┤[m
                                                                                
                                                                                
                   A                                                            
                                                           C                    
                                                                                
                                                                                
                                                                                
                                        [38;5;240m├┼┼┼┼┼┼┼┼┼┼┼┼┼┼┼┼┼┼┼┼┼┼┼┼┼┼┼┼┼┼┼┼┼┼┼┼┼┼┤[m
                                                                                
                                                                                
                                                                                
                                                           D                    
                                                                                
                                                                                
                                                                                