                                                                                
                                                                                
                                                                                
                                                                                
                                                                                
                                       M                                        
                                                                                
                                                                                
                                                                                
                                                                                
                                                                                
[38;5;240m├┼┼┼┼┼┼┼┼┼┼┼┼┼┼┼┼┼┼┼┼┼┼┼┼┼┼┼┼┼┼┼┼┼┼┼┼┼┼┼┼┼┼┼┼┼┼┼┼┼┼┼┼┼┼┼┼┼┼┼┼┼┼┼┼┼┼┼┼┼┼┼┼┼┼┼┼┼┼┤[m
                                        [38;5;240m│[m                                       
                                        [38;5;240m│[m                                       
                                        [38;5;240m│[m                                       
                                        [38;5;240m│[m                                       
                                        [38;5;240m│[m                                       
                   S1                   [38;5;240m│[m                  S2                   
                                        [38;5;240m│[m                                       
                                        [38;5;240m│[m                                       
                                        [38;5;240m│[m                                       
                                        [38;5;240m│[m                                       
                                        [38;5;240m│[m                                       
                                        [38;5;240m│[m                                       