                                                                                
                                                                                
                                                                                
                                                                                
                                                                                
                                      TOP                                       
                                                                                
                                                                                
                                                                                
                                                                                
                                                                                
[38;5;240m├┼┼┼┼┼┼┼┼┼┼┼┼┼┼┼┼┼┼┼┼┼┼┼┼┼┼┼┼┼┼┼┼┼┼┼┼┼┼┼┼┼┼┼┼┼┼┼┼┼┼┼┼┼┼┼┼┼┼┼┼┼┼┼┼┼┼┼┼┼┼┼┼┼┼┼┼┼┼┤[m
                                                                                
                                                                                
                                                                                
                                                                                
                                                                                
                                      BOT                                       
                                                                                
                                                                                
                                                                                
                                                                                
                                                                                
                                                                                