                   [38;5;240m│[m
                   [38;5;240m│[m
                   [38;5;240m│[m
                   [38;5;240m│[m
                   [38;5;240m│[m
                   [38;5;240m│[m
                   [38;5;240m│[m
                   [38;5;240m│[m
                   [38;5;240m│[m
                   [38;5;240m│[m
                   [38;5;240m│[m
       SMALL       [38;5;240m│[m                            BIG
                   [38;5;240m│[m
                   [38;5;240m│[m
                   [38;5;240m│[m
                   [38;5;240m│[m
                   [38;5;240m│[m
                   [38;5;240m│[m
                   [38;5;240m│[m
                   [38;5;240m│[m
                   [38;5;240m│[m
                   [38;5;240m│[m
                   [38;5;240m│[m
                   [38;5;240m│[m