                                       [38;5;240m│[m                                        
                                                                                
                                                                                
                                                                                
                                                                                
                  M1                                                            
                                                                                
                                                                                
                                                                                
                                                                                
                                                                                
                                                           S1                   
[38;5;240m├┼┼┼┼┼┼┼┼┼┼┼┼┼┼┼┼┼┼┼┼┼┼┼┼┼┼┼┼┼┼┼┼┼┼┼┼┼┤[m                                         
                                                                                
                                                                                
                                                                                
                                                                                
                                                                                
                  M2                                                            
                                                                                
                                                                                
                                                                                
                                                                                
                                                                                