                                       [38;5;240m│[m                                        
                                                                                
                                                                                
                                                                                
                                                                                
                                                           S1                   
                                                                                
                                                                                
                                                                                
                                                                                
                                                                                
                   M                                                            
                                        [38;5;240m├┼┼┼┼┼┼┼┼┼┼┼┼┼┼┼┼┼┼┼┼┼┼┼┼┼┼┼┼┼┼┼┼┼┼┼┼┼┼┤[m
                                                                                
                                                                                
                                                                                
                                                                                
                                                                                
                                                           S2                   
                                                                                
                                                                                
                                                                                
                                                                                
                                                                                