                                       [38;5;240m│[m                                        
                                                                                
                                                                                
                                                                                
                 AAAA                                     BBBB                  
                                                                                
                                                                                
                                                                                
                                                                                
                                                                                